// Jest Snapshot v1, https://goo.gl/fbAQLP

exports[`Pruebas en el archivo <AddCategory /> Debe de comparar correctamente con la imagen 1`] = `
<form
  className="form"
  onSubmit={[Function]}
>
  <p
    className="form__inputValue"
  />
  Â 
  <input
    className="form__input"
    onChange={[Function]}
    placeholder="Exp. \\"cat\\""
    type="text"
    value=""
  />
</form>
`;
