// Jest Snapshot v1, https://goo.gl/fbAQLP

exports[`Pruebas en el componente <GifGrid /> Debe de compararse correctamente con la imagen 1`] = `
<Fragment>
  <h3
    className="animate__animated animate__fadeIn"
  >
    cat
  </h3>
  <p
    className="animate__animated animate__flash animate__infinite"
  >
    cargando...
  </p>
  <div
    className="card-grid"
  />
</Fragment>
`;
